
> temp_app@0.0.0 build
> tsc -b && vite build

src/App.tsx(1,1): error TS6133: 'React' is declared but its value is never read.
src/components/ImageCanvas.tsx(38,31): error TS6133: 'e' is declared but its value is never read.
src/components/PolygonLayer.tsx(2,10): error TS1484: 'Point' is a type and must be imported using a type-only import when 'verbatimModuleSyntax' is enabled.
src/hooks/usePolygon.ts(2,10): error TS1484: 'Point' is a type and must be imported using a type-only import when 'verbatimModuleSyntax' is enabled.
